// Jest Snapshot v1, https://goo.gl/fbAQLP

exports[`should render stateless HeaderNav 1`] = `
ShallowWrapper {
  Symbol(enzyme.__root__): [Circular],
  Symbol(enzyme.__unrendered__): <HeaderNav />,
  Symbol(enzyme.__renderer__): Object {
    "batchedUpdates": [Function],
    "checkPropTypes": [Function],
    "getNode": [Function],
    "render": [Function],
    "simulateError": [Function],
    "simulateEvent": [Function],
    "unmount": [Function],
  },
  Symbol(enzyme.__node__): Object {
    "instance": null,
    "key": undefined,
    "nodeType": "function",
    "props": Object {
      "children": <ForwardRef>
        <ForwardRef
          activeClassName="active"
          isActive={[Function]}
          to="/user_office/"
        >
          Investors cabinet
        </ForwardRef>
      </ForwardRef>,
      "className": undefined,
    },
    "ref": null,
    "rendered": Object {
      "instance": null,
      "key": undefined,
      "nodeType": "function",
      "props": Object {
        "children": Array [
          <ForwardRef
            activeClassName="active"
            isActive={[Function]}
            to="/user_office/"
          >
            Investors cabinet
          </ForwardRef>,
        ],
      },
      "ref": null,
      "rendered": Array [
        Object {
          "instance": null,
          "key": "/user_office/",
          "nodeType": "function",
          "props": Object {
            "activeClassName": "active",
            "children": "Investors cabinet",
            "isActive": [Function],
            "to": "/user_office/",
          },
          "ref": null,
          "rendered": "Investors cabinet",
          "type": Object {
            "$$typeof": Symbol(react.forward_ref),
            "attrs": Array [],
            "componentStyle": ComponentStyle {
              "componentId": "sc-htpNat",
              "isStatic": true,
              "rules": Array [
                "
    height: 100%;
    font-weight: 400;
    color: #222121;
    margin-left: 38px;
    white-space: nowrap;
    display: inline-flex;
    align-items: center;
    position: relative;
    ",
                "@media (max-width: 767px)",
                " {
      font-size: 14px;
      margin-left: 16px;
    }
    &.active {
        color: #3172fd;
        &:before {
            content: '';
            position: absolute;
            bottom: 0;
            left: 0;
            height: 3px;
            width: 100%;
            background: #3172fd;
        }
    }
",
              ],
            },
            "displayName": "Styled(NavLink)",
            "foldedComponentIds": Array [],
            "render": [Function],
            "styledComponentId": "sc-htpNat",
            "target": [Function],
            "toString": [Function],
            "warnTooManyClasses": [Function],
            "withComponent": [Function],
            Symbol(Symbol.hasInstance): [Function],
          },
        },
      ],
      "type": Object {
        "$$typeof": Symbol(react.forward_ref),
        "attrs": Array [],
        "componentStyle": ComponentStyle {
          "componentId": "sc-bwzfXH",
          "isStatic": true,
          "rules": Array [
            "
    height: 100%;
    display: flex;
    flex-flow: row nowrap;
    align-items: center;
",
          ],
        },
        "displayName": "styled.div",
        "foldedComponentIds": Array [],
        "render": [Function],
        "styledComponentId": "sc-bwzfXH",
        "target": "div",
        "toString": [Function],
        "warnTooManyClasses": [Function],
        "withComponent": [Function],
      },
    },
    "type": Object {
      "$$typeof": Symbol(react.forward_ref),
      "attrs": Array [],
      "componentStyle": ComponentStyle {
        "componentId": "sc-bdVaJa",
        "isStatic": true,
        "rules": Array [
          "
    height: 100%;
    ",
          "@media (max-width: 767px)",
          " {
      background: #F5F6FA;
      padding-top: 15px;
      padding-bottom: 6px;
      height: 52px;
      overflow-x: scroll;
    }
",
        ],
      },
      "displayName": "styled.div",
      "foldedComponentIds": Array [],
      "render": [Function],
      "styledComponentId": "sc-bdVaJa",
      "target": "div",
      "toString": [Function],
      "warnTooManyClasses": [Function],
      "withComponent": [Function],
    },
  },
  Symbol(enzyme.__nodes__): Array [
    Object {
      "instance": null,
      "key": undefined,
      "nodeType": "function",
      "props": Object {
        "children": <ForwardRef>
          <ForwardRef
            activeClassName="active"
            isActive={[Function]}
            to="/user_office/"
          >
            Investors cabinet
          </ForwardRef>
        </ForwardRef>,
        "className": undefined,
      },
      "ref": null,
      "rendered": Object {
        "instance": null,
        "key": undefined,
        "nodeType": "function",
        "props": Object {
          "children": Array [
            <ForwardRef
              activeClassName="active"
              isActive={[Function]}
              to="/user_office/"
            >
              Investors cabinet
            </ForwardRef>,
          ],
        },
        "ref": null,
        "rendered": Array [
          Object {
            "instance": null,
            "key": "/user_office/",
            "nodeType": "function",
            "props": Object {
              "activeClassName": "active",
              "children": "Investors cabinet",
              "isActive": [Function],
              "to": "/user_office/",
            },
            "ref": null,
            "rendered": "Investors cabinet",
            "type": Object {
              "$$typeof": Symbol(react.forward_ref),
              "attrs": Array [],
              "componentStyle": ComponentStyle {
                "componentId": "sc-htpNat",
                "isStatic": true,
                "rules": Array [
                  "
    height: 100%;
    font-weight: 400;
    color: #222121;
    margin-left: 38px;
    white-space: nowrap;
    display: inline-flex;
    align-items: center;
    position: relative;
    ",
                  "@media (max-width: 767px)",
                  " {
      font-size: 14px;
      margin-left: 16px;
    }
    &.active {
        color: #3172fd;
        &:before {
            content: '';
            position: absolute;
            bottom: 0;
            left: 0;
            height: 3px;
            width: 100%;
            background: #3172fd;
        }
    }
",
                ],
              },
              "displayName": "Styled(NavLink)",
              "foldedComponentIds": Array [],
              "render": [Function],
              "styledComponentId": "sc-htpNat",
              "target": [Function],
              "toString": [Function],
              "warnTooManyClasses": [Function],
              "withComponent": [Function],
              Symbol(Symbol.hasInstance): [Function],
            },
          },
        ],
        "type": Object {
          "$$typeof": Symbol(react.forward_ref),
          "attrs": Array [],
          "componentStyle": ComponentStyle {
            "componentId": "sc-bwzfXH",
            "isStatic": true,
            "rules": Array [
              "
    height: 100%;
    display: flex;
    flex-flow: row nowrap;
    align-items: center;
",
            ],
          },
          "displayName": "styled.div",
          "foldedComponentIds": Array [],
          "render": [Function],
          "styledComponentId": "sc-bwzfXH",
          "target": "div",
          "toString": [Function],
          "warnTooManyClasses": [Function],
          "withComponent": [Function],
        },
      },
      "type": Object {
        "$$typeof": Symbol(react.forward_ref),
        "attrs": Array [],
        "componentStyle": ComponentStyle {
          "componentId": "sc-bdVaJa",
          "isStatic": true,
          "rules": Array [
            "
    height: 100%;
    ",
            "@media (max-width: 767px)",
            " {
      background: #F5F6FA;
      padding-top: 15px;
      padding-bottom: 6px;
      height: 52px;
      overflow-x: scroll;
    }
",
          ],
        },
        "displayName": "styled.div",
        "foldedComponentIds": Array [],
        "render": [Function],
        "styledComponentId": "sc-bdVaJa",
        "target": "div",
        "toString": [Function],
        "warnTooManyClasses": [Function],
        "withComponent": [Function],
      },
    },
  ],
  Symbol(enzyme.__options__): Object {
    "adapter": ReactSixteenAdapter {
      "options": Object {
        "enableComponentDidUpdateOnSetState": true,
        "legacyContextMode": "parent",
        "lifecycles": Object {
          "componentDidUpdate": Object {
            "onSetState": true,
          },
          "getChildContext": Object {
            "calledByRenderer": false,
          },
          "getDerivedStateFromProps": true,
          "getSnapshotBeforeUpdate": true,
          "setState": Object {
            "skipsComponentDidUpdateOnNullish": true,
          },
        },
      },
    },
  },
}
`;
